{"level":"info","message":"Starting flaky test detection...","timestamp":"2025-04-29T12:37:19.884Z"}
{"error":"ENOENT: no such file or directory, scandir '../cypress/reports'","level":"error","message":"Error reading report directory:","timestamp":"2025-04-29T12:37:19.893Z"}
{"level":"info","message":"No test report files found.","timestamp":"2025-04-29T12:37:19.893Z"}
{"level":"info","message":"Starting AI-powered flakiness analysis...","timestamp":"2025-04-29T12:37:20.152Z"}
{"level":"warn","message":"No test history available for analysis.","timestamp":"2025-04-29T12:37:20.165Z"}
{"level":"info","message":"Starting flaky test detection...","timestamp":"2025-04-29T12:49:38.875Z"}
{"error":"ENOENT: no such file or directory, scandir '../../cypress/reports'","level":"error","message":"Error reading report directory:","timestamp":"2025-04-29T12:49:38.884Z"}
{"level":"info","message":"No test report files found.","timestamp":"2025-04-29T12:49:38.884Z"}
{"level":"info","message":"Starting AI-powered flakiness analysis...","timestamp":"2025-04-29T12:49:39.125Z"}
{"level":"warn","message":"No test history available for analysis.","timestamp":"2025-04-29T12:49:39.145Z"}
{"level":"info","message":"Starting flaky test detection...","timestamp":"2025-04-29T12:50:08.441Z"}
{"error":"ENOENT: no such file or directory, scandir '../cypress/reports'","level":"error","message":"Error reading report directory:","timestamp":"2025-04-29T12:50:08.449Z"}
{"level":"info","message":"No test report files found.","timestamp":"2025-04-29T12:50:08.450Z"}
{"level":"info","message":"Starting AI-powered flakiness analysis...","timestamp":"2025-04-29T12:50:08.665Z"}
{"level":"warn","message":"No test history available for analysis.","timestamp":"2025-04-29T12:50:08.675Z"}
{"error":"Command failed: node /Users/pierrekhouzam/Desktop/magento-cypress-automation/cypress/scripts/flaky-detector.js","level":"error","message":"Error analyzing tests:","stack":"Error: Command failed: node /Users/pierrekhouzam/Desktop/magento-cypress-automation/cypress/scripts/flaky-detector.js\n    at checkExecSyncError (node:child_process:890:11)\n    at execSync (node:child_process:962:15)\n    at analyzeTests (/Users/pierrekhouzam/Desktop/magento-cypress-automation/cypress/scripts/flaky-cli.js:75:9)\n    at /Users/pierrekhouzam/Desktop/magento-cypress-automation/cypress/scripts/flaky-cli.js:43:17\n    at [_onLine] [as _onLine] (node:internal/readline/interface:414:7)\n    at [_line] [as _line] (node:internal/readline/interface:887:18)\n    at [_ttyWrite] [as _ttyWrite] (node:internal/readline/interface:1265:22)\n    at ReadStream.onkeypress (node:internal/readline/interface:264:20)\n    at ReadStream.emit (node:events:514:28)","timestamp":"2025-04-29T12:59:00.460Z"}
{"error":"Command failed: node /Users/pierrekhouzam/Desktop/magento-cypress-automation/cypress/scripts/flaky-detector.js","level":"error","message":"Error analyzing tests:","stack":"Error: Command failed: node /Users/pierrekhouzam/Desktop/magento-cypress-automation/cypress/scripts/flaky-detector.js\n    at checkExecSyncError (node:child_process:890:11)\n    at execSync (node:child_process:962:15)\n    at analyzeTests (/Users/pierrekhouzam/Desktop/magento-cypress-automation/cypress/scripts/flaky-cli.js:75:9)\n    at /Users/pierrekhouzam/Desktop/magento-cypress-automation/cypress/scripts/flaky-cli.js:43:17\n    at [_onLine] [as _onLine] (node:internal/readline/interface:414:7)\n    at [_line] [as _line] (node:internal/readline/interface:887:18)\n    at [_ttyWrite] [as _ttyWrite] (node:internal/readline/interface:1265:22)\n    at ReadStream.onkeypress (node:internal/readline/interface:264:20)\n    at ReadStream.emit (node:events:514:28)","timestamp":"2025-04-29T13:00:58.615Z"}
{"level":"info","message":"Starting AI-powered flakiness analysis...","timestamp":"2025-04-29T13:06:06.716Z"}
{"level":"warn","message":"No test history available for analysis.","timestamp":"2025-04-29T13:06:06.728Z"}
{"level":"info","message":"Starting AI-powered flakiness analysis...","timestamp":"2025-04-29T13:06:46.558Z"}
{"level":"warn","message":"No test history available for analysis.","timestamp":"2025-04-29T13:06:46.569Z"}
{"level":"info","message":"Starting AI-powered flakiness analysis...","timestamp":"2025-04-29T13:07:04.937Z"}
{"level":"warn","message":"No test history available for analysis.","timestamp":"2025-04-29T13:07:04.948Z"}
{"level":"info","message":"Starting AI-powered flakiness analysis...","timestamp":"2025-04-29T13:07:23.595Z"}
{"level":"warn","message":"No test history available for analysis.","timestamp":"2025-04-29T13:07:23.605Z"}
{"level":"info","message":"Starting AI-powered flakiness analysis...","timestamp":"2025-04-29T13:18:28.813Z"}
{"level":"warn","message":"No test history available for analysis.","timestamp":"2025-04-29T13:18:28.824Z"}
{"level":"info","message":"Starting AI-powered flakiness analysis...","timestamp":"2025-04-29T13:18:38.626Z"}
{"level":"warn","message":"No test history available for analysis.","timestamp":"2025-04-29T13:18:38.638Z"}
{"level":"info","message":"Starting AI-powered flakiness analysis...","timestamp":"2025-04-29T13:23:06.185Z"}
{"level":"warn","message":"No test history available for analysis.","timestamp":"2025-04-29T13:23:06.196Z"}
{"level":"info","message":"Starting AI-powered flakiness analysis...","timestamp":"2025-04-29T13:34:25.887Z"}
{"level":"warn","message":"No test history available for analysis.","timestamp":"2025-04-29T13:34:25.898Z"}
